// Jest Snapshot v1, https://goo.gl/fbAQLP

exports[`UserPropertiesPage component should render correctly 1`] = `
Object {
  "asFragment": [Function],
  "baseElement": <body>
    <div>
      <section
        class="user-properties"
      >
        <div
          class="simple-card"
        >
          <header
            class="user-properties__header"
          >
            <h1
              class="section-title"
            >
              0 Properties
            </h1>
            <select
              class="custom-selector"
              style="width: 94px;"
            >
              <option
                selected=""
                value="all"
              >
                All
              </option>
              <option
                value="private"
              >
                Private
              </option>
              <option
                value="public"
              >
                Public
              </option>
            </select>
          </header>
        </div>
        <div
          class="user-properties__content"
        >
          <p
            class="user-properties__text"
          >
            —  No properties  —
          </p>
        </div>
      </section>
    </div>
  </body>,
  "container": <div>
    <section
      class="user-properties"
    >
      <div
        class="simple-card"
      >
        <header
          class="user-properties__header"
        >
          <h1
            class="section-title"
          >
            0 Properties
          </h1>
          <select
            class="custom-selector"
            style="width: 94px;"
          >
            <option
              selected=""
              value="all"
            >
              All
            </option>
            <option
              value="private"
            >
              Private
            </option>
            <option
              value="public"
            >
              Public
            </option>
          </select>
        </header>
      </div>
      <div
        class="user-properties__content"
      >
        <p
          class="user-properties__text"
        >
          —  No properties  —
        </p>
      </div>
    </section>
  </div>,
  "debug": [Function],
  "findAllByAltText": [Function],
  "findAllByDisplayValue": [Function],
  "findAllByLabelText": [Function],
  "findAllByPlaceholderText": [Function],
  "findAllByRole": [Function],
  "findAllByTestId": [Function],
  "findAllByText": [Function],
  "findAllByTitle": [Function],
  "findByAltText": [Function],
  "findByDisplayValue": [Function],
  "findByLabelText": [Function],
  "findByPlaceholderText": [Function],
  "findByRole": [Function],
  "findByTestId": [Function],
  "findByText": [Function],
  "findByTitle": [Function],
  "getAllByAltText": [Function],
  "getAllByDisplayValue": [Function],
  "getAllByLabelText": [Function],
  "getAllByPlaceholderText": [Function],
  "getAllByRole": [Function],
  "getAllByTestId": [Function],
  "getAllByText": [Function],
  "getAllByTitle": [Function],
  "getByAltText": [Function],
  "getByDisplayValue": [Function],
  "getByLabelText": [Function],
  "getByPlaceholderText": [Function],
  "getByRole": [Function],
  "getByTestId": [Function],
  "getByText": [Function],
  "getByTitle": [Function],
  "queryAllByAltText": [Function],
  "queryAllByDisplayValue": [Function],
  "queryAllByLabelText": [Function],
  "queryAllByPlaceholderText": [Function],
  "queryAllByRole": [Function],
  "queryAllByTestId": [Function],
  "queryAllByText": [Function],
  "queryAllByTitle": [Function],
  "queryByAltText": [Function],
  "queryByDisplayValue": [Function],
  "queryByLabelText": [Function],
  "queryByPlaceholderText": [Function],
  "queryByRole": [Function],
  "queryByTestId": [Function],
  "queryByText": [Function],
  "queryByTitle": [Function],
  "rerender": [Function],
  "unmount": [Function],
}
`;
