// Jest Snapshot v1, https://goo.gl/fbAQLP

exports[`SignUpPage component should render correctly 1`] = `
Object {
  "asFragment": [Function],
  "baseElement": <body>
    <div>
      <section
        class="sign-ex"
      >
        <div
          class="sign-ex__container"
        >
          <div
            class="sign-ex__container__header"
          >
            <h2>
              Welcome to Home Sharing
            </h2>
            <p>
              Host or rent a home by yourself!
            </p>
          </div>
          <form
            class="sign-ex__container__form"
          >
            <div
              class="sign-ex__container__form__inputBox"
            >
              <input
                name="name"
                placeholder=" "
                required=""
                type="text"
                value=""
              />
              <span>
                Name
              </span>
              <i />
            </div>
            <div
              class="sign-ex__container__form__inputBox"
            >
              <input
                name="email"
                placeholder=" "
                required=""
                type="email"
                value=""
              />
              <span>
                Email
              </span>
              <i />
            </div>
            <div
              class="sign-ex__container__form__inputBox"
            >
              <input
                name="password"
                placeholder=" "
                required=""
                type="password"
                value=""
              />
              <span>
                Password
              </span>
              <i />
            </div>
            <button
              class="sign-ex__container__form__btn"
              type="submit"
            >
              Create Account
            </button>
          </form>
        </div>
        <p
          class="sign-ex__new"
        >
          Already have an account?
          <a
            class="sign-ex__new__link"
            href="/sign-in"
          >
            Log in
          </a>
        </p>
      </section>
    </div>
  </body>,
  "container": <div>
    <section
      class="sign-ex"
    >
      <div
        class="sign-ex__container"
      >
        <div
          class="sign-ex__container__header"
        >
          <h2>
            Welcome to Home Sharing
          </h2>
          <p>
            Host or rent a home by yourself!
          </p>
        </div>
        <form
          class="sign-ex__container__form"
        >
          <div
            class="sign-ex__container__form__inputBox"
          >
            <input
              name="name"
              placeholder=" "
              required=""
              type="text"
              value=""
            />
            <span>
              Name
            </span>
            <i />
          </div>
          <div
            class="sign-ex__container__form__inputBox"
          >
            <input
              name="email"
              placeholder=" "
              required=""
              type="email"
              value=""
            />
            <span>
              Email
            </span>
            <i />
          </div>
          <div
            class="sign-ex__container__form__inputBox"
          >
            <input
              name="password"
              placeholder=" "
              required=""
              type="password"
              value=""
            />
            <span>
              Password
            </span>
            <i />
          </div>
          <button
            class="sign-ex__container__form__btn"
            type="submit"
          >
            Create Account
          </button>
        </form>
      </div>
      <p
        class="sign-ex__new"
      >
        Already have an account?
        <a
          class="sign-ex__new__link"
          href="/sign-in"
        >
          Log in
        </a>
      </p>
    </section>
  </div>,
  "debug": [Function],
  "findAllByAltText": [Function],
  "findAllByDisplayValue": [Function],
  "findAllByLabelText": [Function],
  "findAllByPlaceholderText": [Function],
  "findAllByRole": [Function],
  "findAllByTestId": [Function],
  "findAllByText": [Function],
  "findAllByTitle": [Function],
  "findByAltText": [Function],
  "findByDisplayValue": [Function],
  "findByLabelText": [Function],
  "findByPlaceholderText": [Function],
  "findByRole": [Function],
  "findByTestId": [Function],
  "findByText": [Function],
  "findByTitle": [Function],
  "getAllByAltText": [Function],
  "getAllByDisplayValue": [Function],
  "getAllByLabelText": [Function],
  "getAllByPlaceholderText": [Function],
  "getAllByRole": [Function],
  "getAllByTestId": [Function],
  "getAllByText": [Function],
  "getAllByTitle": [Function],
  "getByAltText": [Function],
  "getByDisplayValue": [Function],
  "getByLabelText": [Function],
  "getByPlaceholderText": [Function],
  "getByRole": [Function],
  "getByTestId": [Function],
  "getByText": [Function],
  "getByTitle": [Function],
  "queryAllByAltText": [Function],
  "queryAllByDisplayValue": [Function],
  "queryAllByLabelText": [Function],
  "queryAllByPlaceholderText": [Function],
  "queryAllByRole": [Function],
  "queryAllByTestId": [Function],
  "queryAllByText": [Function],
  "queryAllByTitle": [Function],
  "queryByAltText": [Function],
  "queryByDisplayValue": [Function],
  "queryByLabelText": [Function],
  "queryByPlaceholderText": [Function],
  "queryByRole": [Function],
  "queryByTestId": [Function],
  "queryByText": [Function],
  "queryByTitle": [Function],
  "rerender": [Function],
  "unmount": [Function],
}
`;
